=== Ordre du jour, procès-verbaux | Deschaillons-sur-St-Laurent ===
https://www.deschaillons.ca/ordre-du-jour-et-proces-verbaux/
217122 caractères

246 lien(s), 188 qui parlent de séances, de documents ou de PDF :

  « Rapport du maire 2020 »
      https://www.deschaillons.ca/wp-content/uploads/2023/08/28141939/rapport_du_maire-2020.pdf?ver=1693246779000
  « Rapport du maire 2021 »
      https://www.deschaillons.ca/wp-content/uploads/2023/08/28141937/rapport_du_maire-2021.pdf?ver=1693246777000
  « Rapport du maire 2022 »
      https://www.deschaillons.ca/wp-content/uploads/2024/04/22104655/rapport-du-maire-2022.pdf?ver=1713797214000
  « Rapport du maire 2023 »
      https://www.deschaillons.ca/wp-content/uploads/2024/06/19100558/Rapport_du_Maire_2023_COMPRESSE.pdf?ver=1718805957000
  « Rapport du maire 2024 »
      https://www.deschaillons.ca/wp-content/uploads/2025/07/16154214/Rapport-du-maire-2024.pdf
  « Rapport du maire 2025 »
      https://www.deschaillons.ca/wp-content/uploads/2026/07/15152246/Rapport-du-maire-2025.pdf
  « Janvier »
      https://www.deschaillons.ca/wp-content/uploads/2026/01/22162050/CONS_2026-01-2.pdf
  « Février »
      https://www.deschaillons.ca/wp-content/uploads/2026/02/12142301/CONS_2026-02-1.pdf
  « Mars »
      https://www.deschaillons.ca/wp-content/uploads/2026/07/15162510/CONS_2026-03.pdf
  « Avril »
      https://www.deschaillons.ca/wp-content/uploads/2026/07/15164300/CONS_2026-04.pdf
  « Mai »
      https://www.deschaillons.ca/wp-content/uploads/2026/05/13144129/CONS_2026-05-1.pdf
  « Juin »
      https://www.deschaillons.ca/wp-content/uploads/2026/06/23141941/CONS_2026-06-2.pdf
  « Juillet »
      https://www.deschaillons.ca/wp-content/uploads/2026/07/14145519/CONS_2026-07-1.pdf
  « Août »
      https://www.deschaillons.ca/wp-content/uploads/2026/08/18102306/CONS_2026-08-2.pdf
  « Septembre »
      https://www.deschaillons.ca/wp-content/uploads/2026/09/08101200/CONS_2026-09.pdf
  « Janvier »
      https://www.deschaillons.ca/wp-content/uploads/2025/02/12164740/CONS_2025-01.pdf?ver=1739396859000
  « Février »
      https://www.deschaillons.ca/wp-content/uploads/2025/02/14081819/CONS_2025-02.pdf?ver=1739539098000
  « Mars »
      https://www.deschaillons.ca/wp-content/uploads/2025/03/10111258/CONS_2025-03.pdf?ver=1741619578000
  « Mars EXTRAORDINAIRE »
      https://www.deschaillons.ca/wp-content/uploads/2025/03/20105129/CONS_2025-03-EXTRAORDINAIRE.pdf?ver=1742482288000
  « Avril »
      https://www.deschaillons.ca/wp-content/uploads/2026/02/13105941/CONS_2025-04.pdf
  « Mai »
      https://www.deschaillons.ca/wp-content/uploads/2026/02/13105958/CONS_2025-05.pdf
  « Juin »
      https://www.deschaillons.ca/wp-content/uploads/2026/02/13110014/CONS_2025-06.pdf
  « Juillet »
      https://www.deschaillons.ca/wp-content/uploads/2026/02/13110026/CONS_2025-07.pdf
  « Août »
      https://www.deschaillons.ca/wp-content/uploads/2026/02/13110037/CONS_2025-08.pdf
  « Septembre »
      https://www.deschaillons.ca/wp-content/uploads/2026/02/13110051/CONS_2025-09.pdf
  « Octobre »
      https://www.deschaillons.ca/wp-content/uploads/2026/02/13112258/CONS_2025-10-1.pdf
  « Novembre »
      https://www.deschaillons.ca/wp-content/uploads/2026/02/13110115/CONS_2025-11.pdf
  « Décembre »
      https://www.deschaillons.ca/wp-content/uploads/2026/02/13110125/CONS_2025-12.pdf
  « Décembre (budget) »
      https://www.deschaillons.ca/wp-content/uploads/2026/02/12150121/CONS_2025-12-BUDGET.pdf
  « Janvier »
      https://www.deschaillons.ca/wp-content/uploads/2024/02/01113105/CONS_2024-01.pdf?ver=1706805065000
  « Février »
      https://www.deschaillons.ca/wp-content/uploads/2024/03/04111056/CONS_2024-02.pdf?ver=1709568656000
  « Février - Extraordinaire »
      https://www.deschaillons.ca/wp-content/uploads/2024/03/04111100/EXTRA_2024-02-19.pdf?ver=1709568659000
  « Mars »
      https://www.deschaillons.ca/wp-content/uploads/2024/03/21151953/CONS_2024-03.pdf?ver=1711048793000
  « Avril »
      https://www.deschaillons.ca/wp-content/uploads/2024/05/07120527/CONS_2024-04.pdf?ver=1715097926000
  « Mai »
      https://www.deschaillons.ca/wp-content/uploads/2024/05/22102840/CONS_2024-05.pdf?ver=1716388120000
  « Juin »
      https://www.deschaillons.ca/wp-content/uploads/2024/07/13103352/PV2024-06-04.pdf?ver=1723559631000
  « Juillet »
      https://www.deschaillons.ca/wp-content/uploads/2024/07/13103357/PV2024-07-09.pdf?ver=1723559636000
  « Août »
      https://www.deschaillons.ca/wp-content/uploads/2024/09/03133455/CONS_2024-08.pdf?ver=1725384894000
  « Septembre »
      https://www.deschaillons.ca/wp-content/uploads/2024/10/01114253/CONS_2024-09.pdf?ver=1727797372000
  « Octobre »
      https://www.deschaillons.ca/wp-content/uploads/2024/10/02121041/CONS_2024-10.pdf?ver=1727885440000
  « Novembre »
      https://www.deschaillons.ca/wp-content/uploads/2024/11/11112126/CONS_2024-11.pdf?ver=1731342085000
  « Décembre »
      https://www.deschaillons.ca/wp-content/uploads/2024/12/09155954/CONS_2024-12.pdf?ver=1733777993000
  « Décembre (budget) »
      https://www.deschaillons.ca/wp-content/uploads/2024/12/10094852/CONS_2024-12_BUDGET.pdf?ver=1733842131000
  « Janvier »
      https://www.deschaillons.ca/wp-content/uploads/2023/08/28153959/202301cons.pdf?ver=1693251599000
  « Février »
      https://www.deschaillons.ca/wp-content/uploads/2023/08/28154001/202302cons.pdf?ver=1693251600000
  « Mars »
      https://www.deschaillons.ca/wp-content/uploads/2023/08/28154002/2022303cons.pdf?ver=1693251602000
  « Avril »
      https://www.deschaillons.ca/wp-content/uploads/2023/08/28154005/2022304cons.pdf?ver=1693251604000
  « Mai »
      https://www.deschaillons.ca/wp-content/uploads/2023/08/28154008/202305cons.pdf?ver=1693251607000
  « Juin »
      https://www.deschaillons.ca/wp-content/uploads/2023/08/28154010/202306cons.pdf?ver=1693251609000
  « Juillet »
      https://www.deschaillons.ca/wp-content/uploads/2023/12/05163428/202307cons.pdf?ver=1701812067000
  « Août »
      https://www.deschaillons.ca/wp-content/uploads/2023/12/05163432/202308cons.pdf?ver=1701812072000
  « Septembre »
      https://www.deschaillons.ca/wp-content/uploads/2023/12/05163417/202309cons.pdf?ver=1701812056000
  « Octobre »
      https://www.deschaillons.ca/wp-content/uploads/2023/12/06095843/202310cons.pdf?ver=1701874722000
  « Novembre »
      https://www.deschaillons.ca/wp-content/uploads/2023/12/06095846/202311cons.pdf?ver=1701874726000
  « Décembre »
      https://www.deschaillons.ca/wp-content/uploads/2023/12/06095851/202312cons.pdf?ver=1701874730000
  « Décembre (Budget) »
      https://www.deschaillons.ca/wp-content/uploads/2024/02/01112924/20231212cons-budget.pdf?ver=1706804964000
  « Janvier »
      https://www.deschaillons.ca/wp-content/uploads/2023/08/28151857/202201cons.pdf?ver=1693250336000
  « Février »
      https://www.deschaillons.ca/wp-content/uploads/2023/08/28151858/202202cons.pdf?ver=1693250338000
  « Mars »
      https://www.deschaillons.ca/wp-content/uploads/2023/08/28151900/202203cons.pdf?ver=1693250339000
  « Avril »
      https://www.deschaillons.ca/wp-content/uploads/2023/08/28151901/202204cons_.pdf?ver=1693250341000
  « Mai »
      https://www.deschaillons.ca/wp-content/uploads/2023/08/28151903/202205cons.pdf?ver=1693250342000
  « Juin »
      https://www.deschaillons.ca/wp-content/uploads/2023/08/28151904/202206cons.pdf?ver=1693250344000
  « Juillet »
      https://www.deschaillons.ca/wp-content/uploads/2023/08/28151905/202207cons.pdf?ver=1693250345000
  « Août »
      https://www.deschaillons.ca/wp-content/uploads/2023/08/28151906/202208cons_.pdf?ver=1693250346000
  « Septembre »
      https://www.deschaillons.ca/wp-content/uploads/2023/08/28151908/202209cons.pdf?ver=1693250347000
  « Octobre »
      https://www.deschaillons.ca/wp-content/uploads/2023/08/28151909/202210cons.pdf?ver=1693250349000
  « Novembre »
      https://www.deschaillons.ca/wp-content/uploads/2023/08/28151910/202211cons.pdf?ver=1693250350000
  « Décembre »
      https://www.deschaillons.ca/wp-content/uploads/2023/08/28151912/202212cons.pdf?ver=1693250351000
  « Décembre (budget) »
      https://www.deschaillons.ca/wp-content/uploads/2023/08/28151913/20221213cons_budget.pdf?ver=1693250352000
  « Janvier »
      https://www.deschaillons.ca/wp-content/uploads/2023/08/28143423/202101cons.pdf?ver=1693247663000
  « Janvier (extra) »
      https://www.deschaillons.ca/wp-content/uploads/2023/08/28143422/202101consextraordinaire.pdf?ver=1693247661000
  « Février »
      https://www.deschaillons.ca/wp-content/uploads/2023/08/28143420/202102cons.pdf?ver=1693247660000
  « Mars »
      https://www.deschaillons.ca/wp-content/uploads/2023/08/28143418/202103cons.pdf?ver=1693247658000
  « Avril »
      https://www.deschaillons.ca/wp-content/uploads/2023/08/28143417/202104cons_.pdf?ver=1693247657000
  « Mai »
      https://www.deschaillons.ca/wp-content/uploads/2023/08/28143415/202105cons.pdf?ver=1693247655000
  « Juin »
      https://www.deschaillons.ca/wp-content/uploads/2023/08/28143414/ordre_du_jour_1er_juin.pdf?ver=1693247654000
  « Juillet »
      https://www.deschaillons.ca/wp-content/uploads/2023/08/28143413/202107cons.pdf?ver=1693247652000
  « Août »
      https://www.deschaillons.ca/wp-content/uploads/2023/08/28143411/202108cons.pdf?ver=1693247651000
  « Septembre »
      https://www.deschaillons.ca/wp-content/uploads/2023/08/28143410/202109cons.pdf?ver=1693247649000
  « Octobre »
      https://www.deschaillons.ca/wp-content/uploads/2023/08/28143408/202110cons.pdf?ver=1693247648000

hôtes liés : www.deschaillons.ca (233),  (3), zanicom.ca (3), www.facebook.com (2), cookiedatabase.org (1), www.quebec.ca (1), www.electionsquebec.qc.ca (1), sigale.ca (1), www.infotechdev.com (1)
