=== Le Plateau-Mont-Royal : 15 document(s) sur la page ===
  ODJ  doc=17502  date proche : (aucune)   …375"> D&eacute;tail de l'&eacute;v&eacute;nement 465, avenue du Mont-Royal Est 
  ODJ  doc=17404  date proche : (aucune)   …l de l'&eacute;v&eacute;nement Restaurant Robin des Bois 3933, avenue du Parc-La-Fontaine 
  PV   doc=8483   date proche : (aucune)   … Ordre du jour et documents d&eacute;cisionnels [3100 ko] 
  ODJ  doc=17312  date proche : (aucune)   …e;tail de l'&eacute;v&eacute;nement Resto Robin des Bois 3933, avenue du Parc-La-Fontaine 
  PV   doc=8434   date proche : (aucune)   … Ordre du jour et documents d&eacute;cisionnels [2834 ko] 
  ODJ  doc=17261  date proche : (aucune)   …ement Biblioth&egrave;que de l'&Eacute;cole secondaire Jeanne-Mance 4240, rue de Bordeaux 
  PV   doc=8393   date proche : (aucune)   … Ordre du jour et documents d&eacute;cisionnels [3448 ko] 
  ODJ  doc=17194  date proche : (aucune)   …;v&eacute;nement Maison de la Culture du Plateau-Mont-Royal 465, avenue du Mont-Royal Est 
  PV   doc=8361   date proche : (aucune)   … Ordre du jour et documents d&eacute;cisionnels [3035 ko] 
  ODJ  doc=17128  date proche : (aucune)   …acute;v&eacute;nement S&eacute;ance virtuelle 201, avenue Laurier, rez-de-chauss&eacute;e 
  PV   doc=8339   date proche : (aucune)   …> Ordre du jour et documents d&eacute;cisionnels [491 ko] 
  ODJ  doc=17100  date proche : (aucune)   …375"> D&eacute;tail de l'&eacute;v&eacute;nement 465, avenue du Mont-Royal Est 
  PV   doc=8340   date proche : (aucune)   … Ordre du jour et documents d&eacute;cisionnels [3976 ko] 
  ODJ  doc=17018  date proche : (aucune)   …375"> D&eacute;tail de l'&eacute;v&eacute;nement 465, avenue du Mont-Royal Est 
  PV   doc=8317   date proche : (aucune)   … Ordre du jour et documents d&eacute;cisionnels [3942 ko] 

=== Lecture de https://ville.montreal.qc.ca/sel/adi-public/afficherpdf/fichier.pdf?typeDoc=pv&doc=8483 ===
  242301 octets, en-tête « %PDF- » — un vrai PDF
  22 page(s), 971 ligne(s) — le découpeur en tire 31 résolution(s)

  --- les 40 premières lignes ---
     1 [Procès-verbal de la séance ordinaire du conseil d'arrondissement]
     2 [tenue le lundi 6 juillet 2026 à 18 h 30]
     3 [3933, avenue du Parc-La-Fontaine]
     4 [PRÉSENCES :]
     5 [Monsieur le conseiller Alex Norris, conseiller de la ville]
     6 [Madame la conseillère Maeva Vilain, conseillère d'arrondissement]
     7 [Madame la conseillère Marie Plourde, conseillère de la ville]
     8 [Monsieur le conseiller Gabriel Fortin, Conseiller d'arrondissement]
     9 [Madame la mairesse Cathy Wong, Mairesse de l'arrondissement]
    10 [Madame la conseillère Laurence Parent, conseillère d'arrondissement]
    11 [Madame la conseillère Marie Sterlin, conseillère d'arrondissement]
    12 [ABSENCES :]
    13 [Monsieur Arnaud Budka, directeur d'arrondissement]
    14 [Madame Mélissa Cormier, directrice des services administratifs]
    15 [AUTRES PRÉSENCES :]
    16 [Me Karen Loko, secrétaire d'arrondissement]
    17 [Madame Marie-Lou Labissière, cheffe de division des ressources humaines]
    18 [Monsieur Jean-François Morin, directeur du développement du territoire et des études techniques]
    19 [Monsieur Roch Langelier, directeur de la culture, des sports des loisirs et du développement social]
    20 [Monsieur François Doré, directeur des travaux publics]
    21 [____________________________]
    22 [10 - Ouverture de la séance]
    23 [Le président déclare la séance ouverte à 18 h 32.]
    24 [____________________________]
    25 [CA26 25 0172]
    26 [Adoption de l'ordre du jour de la séance du conseil d'arrondissement]
    27 [Il est proposé par la mairesse Cathy Wong]
    28 [appuyé par la conseillère Maeva Vilain]
    29 [et résolu :]
    30 [D’adopter l’ordre du jour de la séance ordinaire du conseil d’arrondissement du 6 juillet 2026.]
    31 [ADOPTÉE À L'UNANIMITÉ.]
    32 [10.02]
    33 [____________________________]
    34 [2]
    35 [10 - Période de questions et requêtes du public]
    36 [Inscription à la période des questions]
    37 [Membre visé Question]
    38 [Maeva Vilain Qu'allez-vous faire par rapport aux itinérants qui sont installés dans le parc Laurier ?]
    39 [Alex Norris Pourquoi il n'y a pas d'écoquartier dans l'arrondissement du Plateau-Mont-Royal ?]
    40 [Maeva Vilain Pourrait-on avoir plus de terrains de volley-ball de plage au parc Jeanne-Mance ?]

  --- 34 ligne(s) qui ressemblent à un numéro ---
    25 [CA26 25 0172]
   140 [CA26 25 0173]
   152 [CA26 25 0174]
   174 [CA26 25 0175]
   200 [CA26 25 0176]
   220 [CA26 25 0177]
   250 [CA26 25 0178]
   279 [CA26 25 0179]
   302 [CA26 25 0180]
   328 [CA26 25 0181]
   348 [CA26 25 0182]
   381 [CA26 25 0183]
   408 [CA26 25 0184]
   420 [CA26 25 0185]
   461 [CA26 25 0186]

  CA26 25 0172 | Adoption de l'ordre du jour de la séance du conseil d'arrondissement | Adoptée à l'unanimité | —

  CA26 25 0173 | 4 Approbation du procès-verbal de la séance ordinaire du conseil d'arrondissement tenue le | Adoptée à l'unanimité | —

  CA26 25 0174 | Attribution d'un contrat à 9190-8673 Québec Inc. - Les entreprises Roseneige au montant de | Adoptée à l'unanimité | 1267370002

=== Ordre du jour https://ville.montreal.qc.ca/sel/adi-public/afficherpdf/fichier.pdf?typeDoc=odj&doc=17502 ===
  3436145 octets, 181 page(s)
  --- page 1 : [Séance ordinaire du conseil d’arrondissement] [du mardi 8 septembre 2026] [à 18 h 30] [ORDRE DU JOUR]
  --- page 2 : [10.06 Procès-verbal] [CA Direction des services administratifs] [Approbation du procès-verbal de la séance ordinaire du conseil d'arron] [15 – Déclaration / Proclamation]
  --- page 3 : [20.04 Appel d'offres public] [CA Direction du développement du territoire et des études techniques -] [Attribution d'un contrat à Limoges et Fils Inc. au montant de 3 406 91] [travaux de réaménagement du parc Baldwin et autorisation d'une dépense]
  --- page 4 : [30.04 Budget - Virement / Annulation de crédits] [CM Direction du développement du territoire et des études techniques -] [Demander au Conseil municipal de majorer la dotation de l'arrondisseme] [l'entremise de la réserve du passif environnemental, pour un montant d]
  --- page 5 : [40.04 Urbanisme - Projet particulier d'urbanisme] [CA Direction du développement du territoire et des études techniques -] [Adoption de la résolution, en vertu du Règlement sur les projets parti] [modification ou d'occupation d'un immeuble (2003-08), afin d'autoriser]
  --- page 6 : [40.09 Urbanisme - Plan d'implantation et d'intégration architecturale] [CA Direction du développement du territoire et des études techniques -] [Approuver les plans conformément au Règlement sur les plans d'implanta] [architecturale de l'arrondissement du Plateau-Mont-Royal (2005-18) - C]
  --- page 11 : [Enfin, le rapport de reddition de comptes concernant les contributions] [terrains de jeux et espaces naturels en date du 31 décembre 2025 est é] [présent dossier.] [JUSTIFICATION]
  --- page 21 : [MONTRÉAL 2030] [Ce dossier contribue à l'atteinte des résultats de Montréal 2030 et de] [matière d'inclusion et d'équité :] [Priorité 2 : Enraciner la nature en ville, en mettant la biodiversité,]
  --- page 31 : [Système de gestion des décisions des] [instances] [SOMMAIRE DÉCISIONNEL] [IDENTIFICATION Dossier # :1264950005]
  --- page 41 : [Système de gestion des décisions des] [instances] [SOMMAIRE DÉCISIONNEL] [IDENTIFICATION Dossier # :1269226001]
  --- page 51 : [ASPECT(S) FINANCIER(S)] [Description Totaux] [Volet réhabilitation environnementale 651 084,03 $] [Contingences (15 %) 97 662,60 $]
  --- page 61 : [Chapitre II - Ressources humaines] [1) La nomination d'un étudiant ou d'un stagiaire n'est plus uniquement] [fonctionnaire de niveau B (directeur). Elle relève désormais du foncti] [autorité directe sur le stagiaire ou l'étudiant (article 11 du Règleme]
  --- page 71 : [Parties prenantes] [Lecture :] [RESPONSABLE DU DOSSIER ENDOSSÉ PAR Le : 2026-08-17] [Ariane DUGAS-ANGRIGNON Ariane DUGAS-ANGRIGNON]
  --- page 81 : [Priorité 20. Accroître l’attractivité, la prospérité et le rayonnement] [métropole.] [IMPACT(S) MAJEUR(S)] [S/O]
  --- page 91 : [Avis de conformité au Schéma d'aménagement et de développement de] [l'agglomération de Montréal (14-029)] [CONFORMITÉ AUX POLITIQUES, AUX RÈGLEMENTS ET AUX ENCADREMENTS] [ADMINISTRATIFS]
  --- page 101 : [S/O] [DESCRIPTION] [D'autoriser, en vertu de l'article 12.1 du Règlement sur les usages co] [l'arrondissement du Plateau-Mont-Royal (2023-02), la réduction d'un lo]
  --- page 111 : [Qu’un minimum de deux suites destinées à l’exploitation d’établissemen] [d’hébergements touristique soit aménagé;] [Que le traitement acoustique de l’assemblage plancher/plafond entre le] [chaussée et le 2e étage respecte les recommandations du point 4.1 du r]
  --- page 121 : [_______________________________________________] [Directeur d'arrondissement] [Le Plateau-Mont-Royal , Bureau du directeur d'arrondissement]
  --- page 131 : [directeur(-trice)-developpement du territoire et] [etudes techniques]
  --- page 141 : [ouverte l'intersection Cartier/Mont-Royal, du 11 mai au 10 septembre] [2026;] [D'autoriser l'inversion du tronçon de la rue Marquette, entre la rue G] [et l'avenue du Mont-Royal (mise à sens unique vers le nord), pour gard]
  --- page 151 : [Système de gestion des décisions des] [instances] [SOMMAIRE DÉCISIONNEL] [IDENTIFICATION Dossier # :1265680008]
  --- page 161 : 
  --- page 171 : [Système de gestion des CA : 61.02] [décisions des instances] [2026/09/08] [RECOMMANDATION]
  --- page 181 : [Autre intervenant et sens de l'intervention] [Parties prenantes] [Paule BIRON, Service des affaires juridiques] [Jean-François MORIN, Le Plateau-Mont-Royal]
  250 ligne(s) qui ressemblent à un sommaire décisionnel
   p.  9 [RECOMMANDATION]
   p. 10 [SOMMAIRE DÉCISIONNEL]
   p. 10 [IDENTIFICATION Dossier # :1263945007]
   p. 10 [CONTENU]
   p. 10 [Sommaire # 1253945011- CA25 250191 - Présentation et dépôt du rapport du maire sur la]
   p. 10 [Sommaire # 1243945009 - CA24 250166 - Présentation et dépôt du rapport du maire sur la]
   p. 11 [JUSTIFICATION]
   p. 11 [ASPECT(S) FINANCIER(S)]
   p. 11 [direction ainsi que le signataire de la recommandation attestent de la conformité de ce]
   p. 13 [RECOMMANDATION]
   p. 14 [SOMMAIRE DÉCISIONNEL]
   p. 14 [IDENTIFICATION Dossier # :1263945012]
   p. 14 [CONTENU]
   p. 14 [JUSTIFICATION]
   p. 15 [ASPECT(S) FINANCIER(S)]
   p. 15 [de la recommandation attestent de la conformité de ce dossier aux règlements et aux]
   p. 17 [RECOMMANDATION]
   p. 17 [sommaire décisionnel;]
   p. 17 [sommaire décisionnel.]
   p. 19 [SOMMAIRE DÉCISIONNEL]
   p. 19 [IDENTIFICATION Dossier # :1269519006]
   p. 19 [CONTENU]
   p. 20 [présent sommaire décisionnel.]
   p. 20 [JUSTIFICATION]
   p. 20 [de jardinage et leur contenu, le projet permettra de renforcer leur engagement]
   p. 20 [ASPECT(S) FINANCIER(S)]
   p. 22 [direction ainsi que le signataire de la recommandation attestent de la conformité de ce]
   p. 23 [RECOMMANDATION]
   p. 23 [sommaire décisionnel.]
   p. 25 [SOMMAIRE DÉCISIONNEL]
   p. 25 [IDENTIFICATION Dossier # :1260645001]
   p. 25 [CONTENU]
   p. 26 [JUSTIFICATION]
   p. 27 [ASPECT(S) FINANCIER(S)]
   p. 29 [RECOMMANDATION]
   p. 30 [D'imputer cette dépense conformément aux informations financières inscrites au sommaire]
   p. 31 [SOMMAIRE DÉCISIONNEL]
   p. 31 [IDENTIFICATION Dossier # :1264950005]
   p. 31 [CONTENU]
   p. 32 [lauréats, cités dans le présent sommaire décisionnel, réalisés dans le cadre de la deuxième]
  0 lien(s) dans le document
