
=== https://www.deschaillons.ca/wp-content/uploads/2024/07/13103352/PV2024-06-04.pdf ===
  0 octets, 18 page(s), 779 ligne(s)
  le découpeur de Montréal en tire 0 résolution(s)

  --- les 45 premières lignes ---
     1 [Procès-verbal de la séance ordinaire du conseil municipal de Deschaillons-sur-]
     2 [Saint-Laurent tenue le 4 juin 2024 à 20 h à la salle municipale située au 960, 4e]
     3 [Rue à Deschaillons-sur-Saint-Laurent.]
     4 [Sont présents :]
     5 [Siège #1 - Valérie Giguière]
     6 [Siège #2 - Quentin Kelhetter]
     7 [Siège #3 - Robert Gendron]
     8 [Siège #5 - Joanne Costo]
     9 [Siège #6 - Annie Demers]
    10 [Est absent :]
    11 [Siège #4 - Amélie Guay]
    12 [Tous formant quorum sous la présidence de M. Christian Baril, maire.]
    13 [Assistent également à cette séance : Mme Hanta Rasami, directrice générale et]
    14 [greffière-trésorière et M. Saad Rekkal, chargé de projet.]
    15 [1 - OUVERTURE DE LA SÉANCE]
    16 [La séance est ouverte à 20 h par M. Christian Baril, maire de Deschaillons-sur-]
    17 [Saint-Laurent. M. Baril souhaite la bienvenue à tous.]
    18 [2024-06-165]
    19 [2 - ADOPTION DE L'ORDRE DU JOUR]
    20 [Le maire procède à la lecture de l'ordre du jour.]
    21 [1 - OUVERTURE DE LA SÉANCE]
    22 [2 - ADOPTION DE L'ORDRE DU JOUR]
    23 [3 - PROCÈS-VERBAL]
    24 [3.1 - Approbation - séance ordinaire du 7 mai 2024]
    25 [4 - DÉPÔT DE LA CORRESPONDANCE]
    26 [5 - ADMINISTRATION]
    27 [5.1 - Suivi des dossiers - MRC de Bécancour]
    28 [5.2 - Rapport du Maire]
    29 [5.3 - Politique en matière de santé et de sécurité au travail]
    30 [5.4 - Projet virage numérique - Offre de service]
    31 [5.5 - Assurance responsabilité (piste cyclable, ski de fond)]
    32 [5.6 - Congrès annuel Maire - FQM]
    33 [5.7 - Projet dépanneur]
    34 [5.8 - Projet d'Accueil et d'Intégration Solidaire]
    35 [5.8.1 - Renouvellement du bail 2024 - Bureau municipal]
    36 [5.8.2 - Demande d'exemption de taxes]
    37 [5.9 - SPA - Avis de non-renouvellement]
    38 [5.10 - Renouvellement de service de soutien juridique 2024-2025]
    39 [6 - GESTION FINANCIÈRE]
    40 [1]
    41 [6.1 - Revenus – mai 2024]
    42 [6.2 - Approbation des dépenses de paiement]
    43 [7 - SÉCURITÉ PUBLIQUE]
    44 [7.1 - Installation de caméras de surveillance]
    45 [8 - TRANSPORT]

  --- 36 ligne(s) qui ressemblent à un numéro de résolution ---
    18 [2024-06-165]
    98 [2024-06-166]
   114 [2024-06-167]
   127 [2024-06-168]
   162 [2024-06-169]
   175 [2024-06-170]
   188 [2024-06-171]
   199 [2024-06-172]
   211 [2024-06-173]
   229 [2024-06-174]
   244 [2024-06-175]
   260 [2024-06-176]
   274 [2024-06-177]
   281 [2024-06-178]
   300 [2024-06-179]
   311 [2024-06-180]
   328 [2024-06-181]
   340 [2024-06-182]
   365 [2024-06-183]
   387 [2024-06-184]

  --- 73 ligne(s) de formule (« proposé par », « adoptée »…) ---
    94 [IL EST PROPOSÉ PAR : Mme Annie Demers]
    95 [ET RÉSOLU À L'UNANIMITÉ DES CONSEILLERS PRÉSENTS]
   102 [IL EST PROPOSÉ PAR : M. Robert Gendron]
   103 [ET RÉSOLU À L’UNANIMITÉ DES CONSEILLERS PRÉSENTS]
   123 [IL EST PROPOSÉ PAR : Mme Valérie Giguière]
   124 [ET RÉSOLU À L’UNANIMITÉ DES CONSEILLERS PRÉSENTS]
   154 [IL EST PROPOSÉ PAR : Mme Annie Demers]
   155 [ET RÉSOLU À L’UNANIMITÉ DES CONSEILLERS PRÉSENTS]
   170 [IL EST PROPOSÉ PAR : M. Quentin Kelhetter]
   171 [ET RÉSOLU À L’UNANIMITÉ DES CONSEILLERS PRÉSENTS]
   177 [IL EST PROPOSÉ PAR : Mme Annie Demers]
   178 [ET RÉSOLU À L’UNANIMITÉ DES CONSEILLERS PRÉSENTS]

=== https://www.deschaillons.ca/wp-content/uploads/2023/08/28153959/202301cons.pdf ===
  0 octets, 2 page(s), 62 ligne(s)
  le découpeur de Montréal en tire 0 résolution(s)

  --- les 45 premières lignes ---
     1 [MUNICIPALITÉ DE]
     2 [DESCHAILLONS-SUR-SAINT-LAURENT]
     3 [ORDRE DU JOUR]
     4 [10 Janvier 2023]
     5 [1. OUVERTURE DE LA SÉANCE;]
     6 [2. ADOPTION DE L’ORDRE DU JOUR;]
     7 [3. PROCÈS-VERBAL – SÉANCE DU 6 DÉCEMBRE 2022 :]
     8 [3.1 Approbation;]
     9 [4. PROCÈS-VERBAL – SÉANCE DU 13 DÉCEMBRE 2022 - BUDGET :]
    10 [4.1 Approbation;]
    11 [5. DÉPÔT DE LA CORRESPONDANCE;]
    12 [6. ADMINISTRATION :]
    13 [6.1 Adoption règlement – Règlement 187-2023 fixant le taux de taxes,]
    14 [compensation et les conditions de perception pour l’exercice financier 2023;]
    15 [6.2 Embauche stagiaire en gestion de projet;]
    16 [6.3 Proclamation des « Journées de la persévérance scolaire 2023 » dans notre municipalité]
    17 [13 au 17 février 2023;]
    18 [6.4 Diverses nominations:]
    19 [6.4.1 Maire suppléant;]
    20 [6.4.2 Conseil et comités;]
    21 [6.5 Loi 25 : Loi sur la protection des renseignements personnels :]
    22 [6.5.1 Désignation du substitut de la personne responsable de la protection des]
    23 [renseignements personnels;]
    24 [6.5.2 Offre de services déchiqueteuse – Documents du bureau municipal;]
    25 [6.6 Refonte site web de la municipalité :]
    26 [6.6.1 Demande d’aide financière FRR Volet 2;]
    27 [6.6.2 Offres de services refonte site Web;]
    28 [6.7 Équipements téléphoniques et vidéoconférence – Bureau municipal :]
    29 [6.7.2 Téléphonie;]
    30 [1.7.2 Vidéoconférence;]
    31 [7. GESTION FINANCIÈRE :]
    32 [7.1 Approbation des dépenses – Autorisation de paiement;]
    33 [8. TRANSPORT;]
    34 [9. HYGIÈNE DU MILIEU :]
    35 [9.1 Réseaux d’aqueduc et égouts;]
    36 [9.2 Suivi – Entente intermunicipale Deschaillons-sur-Saint-Laurent/Parisville;]
    37 [9.3 Changement mandataire – Gestion du regroupement RLNO :]
    38 [9.3.1 Amendement – Changement mandataire pour la gestion du regroupement RLNO;]
    39 [9.3.2 Amendement – Montant forfaitaire pour la gestion du regroupement RLNO;]
    40 [9.3.3 Amendement – Frais reliés aux collectes lors des jours fériés;]
    41 [10. AMÉNAGEMENT, URBANISME ET DÉVELOPPEMENT :]
    42 [10.1 Rapport de permis émis en décembre 2022;]
    43 [10.2 Adoption des règlements :]
    44 [10.2.1 Règlement #184-2022 modifiant le règlement de zonage #96-2012;]
    45 [10.2.2 Règlement #185-2022 modifiant le règlement de construction #98-2012;]

  --- 0 ligne(s) qui ressemblent à un numéro de résolution ---

  --- 0 ligne(s) de formule (« proposé par », « adoptée »…) ---

→ data/sonde-pdf.json
