
> dossiervillelaval@0.1.0 refresh
> node scripts/refresh.js

Résumés : sautés : étape payante, à demander explicitement (--avec-resumes, ou LAV_RESUMES=oui dans le workflow).
Code : commit 3972a62 — Node v22.23.3

=== Archivage des années révolues ===
data/decisions.json porte l'année courante (2026) — rien à archiver.
(0 s)

=== Index des documents et calendrier des séances ===
Index en ligne : refusé (403) — laval.ca bloque encore les robots. La capture manuelle reste la référence.
Index conservé : 4360 documents, capture manuelle dans un navigateur (Cloudflare refuse les robots), 17 sept. 2026 (du 2026-09-17).
467 séances dans data/seances.json (465 avec procès-verbal), 2883 sommaires décisionnels publiés.
(0 s)

=== Décisions de l'année (relecture complète) ===
CE-20260909-HC-09h11 : 2 pages, 2 résolutions, 0 objets pris à l'ordre du jour, 2 sommaires cités (0 publiés), 0 vote(s) nominal(aux) (cache)
CE-20260909-PUB-09h00 : 14 pages, 31 résolutions, 28 objets pris à l'ordre du jour, 31 sommaires cités (0 publiés), 0 vote(s) nominal(aux) (cache)
CE-20260902-HC-09h09 : 3 pages, 6 résolutions, 0 objets pris à l'ordre du jour, 6 sommaires cités (0 publiés), 0 vote(s) nominal(aux) (cache)
CE-20260902-PUB-09h00 : 9 pages, 23 résolutions, 17 objets pris à l'ordre du jour, 23 sommaires cités (0 publiés), 0 vote(s) nominal(aux) (cache)
CM-20260901-ORD-18h30 : 31 pages, 57 résolutions, 48 objets pris à l'ordre du jour, 48 sommaires cités (46 publiés), 12 vote(s) nominal(aux) (cache)
CE-20260826-HC-09h11 : 4 pages, 8 résolutions, 0 objets pris à l'ordre du jour, 8 sommaires cités (5 publiés), 0 vote(s) nominal(aux) (cache)
CE-20260826-PUB-09h00 : 18 pages, 53 résolutions, 32 objets pris à l'ordre du jour, 53 sommaires cités (32 publiés), 0 vote(s) nominal(aux) (cache)
CE-20260819-HC-09h16 : 4 pages, 7 résolutions, 0 objets pris à l'ordre du jour, 7 sommaires cités (2 publiés), 0 vote(s) nominal(aux) (cache)
CE-20260819-PUB-09h00 : 18 pages, 42 résolutions, 35 objets pris à l'ordre du jour, 42 sommaires cités (13 publiés), 0 vote(s) nominal(aux) (cache)
CE-20260812-HC-09h11 : 3 pages, 4 résolutions, 0 objets pris à l'ordre du jour, 4 sommaires cités (0 publiés), 0 vote(s) nominal(aux) (cache)
CE-20260812-PUB-09h00 : 10 pages, 24 résolutions, 20 objets pris à l'ordre du jour, 24 sommaires cités (7 publiés), 0 vote(s) nominal(aux) (cache)
CM-20260811-ORD-18h30 : 46 pages, 91 résolutions, 79 objets pris à l'ordre du jour, 79 sommaires cités (77 publiés), 5 vote(s) nominal(aux) (cache)
CE-20260805-HC-09h29 : 8 pages, 19 résolutions, 0 objets pris à l'ordre du jour, 19 sommaires cités (13 publiés), 0 vote(s) nominal(aux) (cache)
CE-20260805-PUB-09h00 : 35 pages, 93 résolutions, 54 objets pris à l'ordre du jour, 93 sommaires cités (68 publiés), 0 vote(s) nominal(aux) (cache)
CE-20260729-HC-09h11 : 3 pages, 4 résolutions, 0 objets pris à l'ordre du jour, 4 sommaires cités (2 publiés), 0 vote(s) nominal(aux) (cache)
CE-20260729-PUB-09h00 : 14 pages, 40 résolutions, 26 objets pris à l'ordre du jour, 40 sommaires cités (12 publiés), 0 vote(s) nominal(aux) (cache)
CE-20260722-HC-09h09 : 5 pages, 12 résolutions, 0 objets pris à l'ordre du jour, 12 sommaires cités (5 publiés), 0 vote(s) nominal(aux) (cache)
CE-20260722-PUB-09h00 : 17 pages, 43 résolutions, 29 objets pris à l'ordre du jour, 43 sommaires cités (22 publiés), 0 vote(s) nominal(aux) (cache)
CE-20260715-HC-09h13 : 2 pages, 3 résolutions, 0 objets pris à l'ordre du jour, 3 sommaires cités (0 publiés), 0 vote(s) nominal(aux) (cache)
CE-20260715-PUB-09h00 : 15 pages, 34 résolutions, 28 objets pris à l'ordre du jour, 34 sommaires cités (7 publiés), 0 vote(s) nominal(aux) (cache)
CE-20260708-HC-09h15 : 2 pages, 4 résolutions, 0 objets pris à l'ordre du jour, 4 sommaires cités (0 publiés), 0 vote(s) nominal(aux) (cache)
CE-20260708-PUB-09h00 : 9 pages, 23 résolutions, 20 objets pris à l'ordre du jour, 23 sommaires cités (7 publiés), 0 vote(s) nominal(aux) (cache)
CM-20260707-ORD-18h30 : 37 pages, 75 résolutions, 68 objets pris à l'ordre du jour, 68 sommaires cités (67 publiés), 0 vote(s) nominal(aux) (cache)
CE-20260630-HC-09h17 : 10 pages, 24 résolutions, 0 objets pris à l'ordre du jour, 24 sommaires cités (17 publiés), 0 vote(s) nominal(aux) (cache)
CE-20260630-PUB-09h00 : 18 pages, 52 résolutions, 38 objets pris à l'ordre du jour, 52 sommaires cités (18 publiés), 0 vote(s) nominal(aux) (cache)
CE-20260623-HC-09h10 : 2 pages, 2 résolutions, 0 objets pris à l'ordre du jour, 2 sommaires cités (1 publiés), 0 vote(s) nominal(aux) (cache)
CE-20260623-PUB-09h00 : 18 pages, 50 résolutions, 37 objets pris à l'ordre du jour, 50 sommaires cités (18 publiés), 0 vote(s) nominal(aux) (cache)
CE-20260617-HC-09h15 : 3 pages, 7 résolutions, 0 objets pris à l'ordre du jour, 7 sommaires cités (2 publiés), 0 vote(s) nominal(aux) (cache)
CE-20260617-PUB-09h00 : 25 pages, 67 résolutions, 49 objets pris à l'ordre du jour, 67 sommaires cités (18 publiés), 0 vote(s) nominal(aux) (cache)
CE-20260610-HC-09h14 : 5 pages, 11 résolutions, 0 objets pris à l'ordre du jour, 11 sommaires cités (2 publiés), 0 vote(s) nominal(aux) (cache)
CE-20260610-PUB-09h00 : 16 pages, 44 résolutions, 37 objets pris à l'ordre du jour, 44 sommaires cités (8 publiés), 0 vote(s) nominal(aux) (cache)
CE-20260603-HC-09h15 : 2 pages, 2 résolutions, 0 objets pris à l'ordre du jour, 2 sommaires cités (0 publiés), 0 vote(s) nominal(aux) (cache)
CE-20260603-PUB-09h00 : 16 pages, 46 résolutions, 39 objets pris à l'ordre du jour, 46 sommaires cités (9 publiés), 0 vote(s) nominal(aux) (cache)
CM-20260603-ORD-18h30 : 8 pages, 14 résolutions, 10 objets pris à l'ordre du jour, 10 sommaires cités (10 publiés), 3 vote(s) nominal(aux) (cache)
CM-20260602-ORD-18h30 : 28 pages, 52 résolutions, 46 objets pris à l'ordre du jour, 46 sommaires cités (46 publiés), 4 vote(s) nominal(aux) (cache)
CE-20260529-HC-09h30 : 3 pages, 3 résolutions, 0 objets pris à l'ordre du jour, 3 sommaires cités (3 publiés), 0 vote(s) nominal(aux) (cache)
CE-20260527-HC-09h16 : 5 pages, 14 résolutions, 0 objets pris à l'ordre du jour, 14 sommaires cités (10 publiés), 0 vote(s) nominal(aux) (cache)
CE-20260527-PUB-09h00 : 24 pages, 66 résolutions, 46 objets pris à l'ordre du jour, 66 sommaires cités (36 publiés), 0 vote(s) nominal(aux) (cache)
CE-20260520-HC-09h15 : 4 pages, 7 résolutions, 0 objets pris à l'ordre du jour, 7 sommaires cités (2 publiés), 0 vote(s) nominal(aux) (cache)
CE-20260520-PUB-09h00 : 14 pages, 43 résolutions, 36 objets pris à l'ordre du jour, 43 sommaires cités (1 publiés), 0 vote(s) nominal(aux) (cache)
CE-20260513-HC-09h11 : 3 pages, 6 résolutions, 0 objets pris à l'ordre du jour, 6 sommaires cités (0 publiés), 0 vote(s) nominal(aux) (cache)
CE-20260513-PUB-09h00 : 9 pages, 26 résolutions, 21 objets pris à l'ordre du jour, 26 sommaires cités (5 publiés), 0 vote(s) nominal(aux) (cache)
CE-20260506-HC-09h07 : 2 pages, 2 résolutions, 0 objets pris à l'ordre du jour, 2 sommaires cités (0 publiés), 0 vote(s) nominal(aux) (cache)
CE-20260506-PUB-09h00 : 11 pages, 31 résolutions, 21 objets pris à l'ordre du jour, 31 sommaires cités (14 publiés), 0 vote(s) nominal(aux) (cache)
CM-20260505-ORD-18h30 : 39 pages, 78 résolutions, 71 objets pris à l'ordre du jour, 71 sommaires cités (70 publiés), 3 vote(s) nominal(aux) (cache)
CE-20260429-HC-09h25 : 6 pages, 15 résolutions, 0 objets pris à l'ordre du jour, 15 sommaires cités (11 publiés), 0 vote(s) nominal(aux) (cache)
CE-20260429-PUB-09h00 : 33 pages, 89 résolutions, 52 objets pris à l'ordre du jour, 89 sommaires cités (65 publiés), 0 vote(s) nominal(aux) (cache)
CM-20260427-EXT-12h30 : 2 pages, 2 résolutions, 2 objets pris à l'ordre du jour, 2 sommaires cités (2 publiés), 0 vote(s) nominal(aux) (cache)
CE-20260422-HC-09h12 : 5 pages, 13 résolutions, 0 objets pris à l'ordre du jour, 13 sommaires cités (9 publiés), 0 vote(s) nominal(aux) (cache)
CE-20260422-PUB-09h00 : 11 pages, 31 résolutions, 26 objets pris à l'ordre du jour, 31 sommaires cités (3 publiés), 0 vote(s) nominal(aux) (cache)
CE-20260415-HC-09h11 : 3 pages, 5 résolutions, 0 objets pris à l'ordre du jour, 5 sommaires cités (0 publiés), 0 vote(s) nominal(aux) (cache)
CE-20260415-PUB-09h00 : 14 pages, 35 résolutions, 21 objets pris à l'ordre du jour, 35 sommaires cités (7 publiés), 0 vote(s) nominal(aux) (cache)
CM-20260414-ORD-18h30 : 47 pages, 100 résolutions, 89 objets pris à l'ordre du jour, 89 sommaires cités (88 publiés), 5 vote(s) nominal(aux) (cache)
CE-20260408-HC-09h25 : 5 pages, 13 résolutions, 0 objets pris à l'ordre du jour, 13 sommaires cités (6 publiés), 0 vote(s) nominal(aux) (cache)
CE-20260408-PUB-09h00 : 42 pages, 116 résolutions, 77 objets pris à l'ordre du jour, 116 sommaires cités (72 publiés), 0 vote(s) nominal(aux) (cache)
CE-20260401-HC-09h13 : 1 pages, 1 résolutions, 0 objets pris à l'ordre du jour, 1 sommaires cités (0 publiés), 0 vote(s) nominal(aux) (cache)
CE-20260401-PUB-09h00 : 15 pages, 36 résolutions, 32 objets pris à l'ordre du jour, 36 sommaires cités (6 publiés), 0 vote(s) nominal(aux) (cache)
CE-20260325-HC-09h10 : 4 pages, 8 résolutions, 0 objets pris à l'ordre du jour, 8 sommaires cités (1 publiés), 0 vote(s) nominal(aux) (cache)
CE-20260325-PUB-09h00 : 17 pages, 36 résolutions, 26 objets pris à l'ordre du jour, 36 sommaires cités (4 publiés), 0 vote(s) nominal(aux) (cache)
CE-20260318-HC-09h25 : 4 pages, 7 résolutions, 0 objets pris à l'ordre du jour, 7 sommaires cités (1 publiés), 0 vote(s) nominal(aux) (cache)
CE-20260318-PUB-09h00 : 17 pages, 45 résolutions, 34 objets pris à l'ordre du jour, 45 sommaires cités (11 publiés), 0 vote(s) nominal(aux) (cache)
CE-20260311-HC-09h11 : 2 pages, 3 résolutions, 0 objets pris à l'ordre du jour, 3 sommaires cités (0 publiés), 0 vote(s) nominal(aux) (cache)
CE-20260311-PUB-09h00 : 12 pages, 35 résolutions, 20 objets pris à l'ordre du jour, 35 sommaires cités (24 publiés), 0 vote(s) nominal(aux) (cache)
CM-20260310-ORD-18h30 : 51 pages, 110 résolutions, 101 objets pris à l'ordre du jour, 101 sommaires cités (101 publiés), 3 vote(s) nominal(aux) (cache)
CE-20260306-HC-09h33 : 3 pages, 3 résolutions, 0 objets pris à l'ordre du jour, 3 sommaires cités (3 publiés), 0 vote(s) nominal(aux) (cache)
CE-20260304-HC-09h48 : 7 pages, 16 résolutions, 0 objets pris à l'ordre du jour, 16 sommaires cités (14 publiés), 0 vote(s) nominal(aux) (cache)
CE-20260304-PUB-09h00 : 42 pages, 114 résolutions, 78 objets pris à l'ordre du jour, 114 sommaires cités (60 publiés), 0 vote(s) nominal(aux) (cache)
CE-20260225-HC-09h11 : 5 pages, 15 résolutions, 0 objets pris à l'ordre du jour, 15 sommaires cités (0 publiés), 0 vote(s) nominal(aux) (cache)
CE-20260225-PUB-09h00 : 16 pages, 43 résolutions, 27 objets pris à l'ordre du jour, 43 sommaires cités (26 publiés), 0 vote(s) nominal(aux) (cache)
CE-20260218-HC-09h12 : 2 pages, 4 résolutions, 0 objets pris à l'ordre du jour, 4 sommaires cités (2 publiés), 0 vote(s) nominal(aux) (cache)
CE-20260218-PUB-09h00 : 22 pages, 53 résolutions, 39 objets pris à l'ordre du jour, 53 sommaires cités (17 publiés), 0 vote(s) nominal(aux) (cache)
CE-20260211-HC-09h14 : 5 pages, 11 résolutions, 0 objets pris à l'ordre du jour, 11 sommaires cités (2 publiés), 0 vote(s) nominal(aux) (cache)
CE-20260211-PUB-09h00 : 19 pages, 52 résolutions, 40 objets pris à l'ordre du jour, 52 sommaires cités (3 publiés), 0 vote(s) nominal(aux) (cache)
CE-20260204-HC-09h14 : 2 pages, 4 résolutions, 0 objets pris à l'ordre du jour, 4 sommaires cités (0 publiés), 0 vote(s) nominal(aux) (cache)
CE-20260204-HC-14h13 : 2 pages, 1 résolutions, 0 objets pris à l'ordre du jour, 1 sommaires cités (0 publiés), 0 vote(s) nominal(aux) (cache)
CE-20260204-PUB-09h00 : 19 pages, 49 résolutions, 33 objets pris à l'ordre du jour, 49 sommaires cités (24 publiés), 0 vote(s) nominal(aux) (cache)
CM-20260204-ORD-18h30 : 4 pages, 2 résolutions, 2 objets pris à l'ordre du jour, 2 sommaires cités (1 publiés), 1 vote(s) nominal(aux) (cache)
CM-20260203-ORD-18h30 : 34 pages, 61 résolutions, 50 objets pris à l'ordre du jour, 50 sommaires cités (50 publiés), 7 vote(s) nominal(aux) (cache)
CE-20260128-HC-09h20 : 8 pages, 18 résolutions, 0 objets pris à l'ordre du jour, 18 sommaires cités (15 publiés), 0 vote(s) nominal(aux) (cache)
CE-20260128-PUB-09h00 : 24 pages, 63 résolutions, 43 objets pris à l'ordre du jour, 63 sommaires cités (45 publiés), 0 vote(s) nominal(aux) (cache)
CE-20260121-HC-09h13 : 4 pages, 11 résolutions, 0 objets pris à l'ordre du jour, 11 sommaires cités (1 publiés), 0 vote(s) nominal(aux) (cache)
CE-20260121-PUB-09h00 : 6 pages, 16 résolutions, 15 objets pris à l'ordre du jour, 16 sommaires cités (4 publiés), 0 vote(s) nominal(aux) (cache)
CE-20260114-HC-09h20 : 2 pages, 4 résolutions, 0 objets pris à l'ordre du jour, 4 sommaires cités (0 publiés), 0 vote(s) nominal(aux) (cache)
CE-20260114-PUB-09h00 : 14 pages, 38 résolutions, 29 objets pris à l'ordre du jour, 38 sommaires cités (9 publiés), 0 vote(s) nominal(aux) (cache)
CM-20260113-ORD-18h30 : 29 pages, 59 résolutions, 54 objets pris à l'ordre du jour, 54 sommaires cités (52 publiés), 3 vote(s) nominal(aux) (cache)
CE-20260107-HC-09h30 : 3 pages, 5 résolutions, 0 objets pris à l'ordre du jour, 5 sommaires cités (3 publiés), 0 vote(s) nominal(aux) (cache)
CE-20260107-PUB-09h00 : 28 pages, 70 résolutions, 49 objets pris à l'ordre du jour, 70 sommaires cités (33 publiés), 0 vote(s) nominal(aux) (cache)

2892 décisions écrites dans data/decisions.json — 87 séance(s) lue(s) cette fois, 1 en attente de procès-verbal.
0 nouveauté(s) depuis la dernière exécution.

Pastilles thématiques :
    499  Urbanisme
    385  Procédure
    306  Finances
    294  Travaux et infrastructures
    201  Transport
    183  Environnement
    183  Contrats
    149  Ressources humaines
    131  Administration
    125  Immobilier
    124  Loisirs et communauté
     91  Culture et patrimoine
     87  Logement et social
     61  Sécurité publique
     34  Développement économique
     34  Subventions
      5  Motions et hommages
      0  (classées par défaut — aucune règle n'a tranché)
(29 s)

=== Votes nominaux (l'année complète) ===
CM-20260901-ORD-18h30 : 12 vote(s) nominal(aux)
CM-20260811-ORD-18h30 : 5 vote(s) nominal(aux)
CM-20260603-ORD-18h30 : 3 vote(s) nominal(aux)
CM-20260602-ORD-18h30 : 4 vote(s) nominal(aux)
CM-20260505-ORD-18h30 : 3 vote(s) nominal(aux)
CM-20260414-ORD-18h30 : 5 vote(s) nominal(aux)
CM-20260310-ORD-18h30 : 3 vote(s) nominal(aux)
CM-20260204-ORD-18h30 : 1 vote(s) nominal(aux)
CM-20260203-ORD-18h30 : 7 vote(s) nominal(aux)
CM-20260113-ORD-18h30 : 3 vote(s) nominal(aux)

46 votes nominaux écrits dans data/votes.json (87 procès-verbaux analysés).
0 portent un avertissement d'extraction (à vérifier à la main).
(1 s)

=== Lexique, mesuré sur les procès-verbaux ===
Mesure de 49 termes sur 87 procès-verbaux de 2026 (12 conseil municipal, 75 comité exécutif) et 2892 décisions…

    86 PV (CM 11, CE 75)    2546 résolutions   Résolution
    87 PV (CM 12, CE 75)    2676 résolutions   Sommaire décisionnel
    87 PV (CM 12, CE 75)      85 résolutions   Procès-verbal
    63 PV (CM 12, CE 51)     163 résolutions   Ordre du jour
    63 PV (CM 11, CE 52)      63 résolutions   Dépôt
    28 PV (CM  9, CE 19)      73 résolutions   Avis de motion
    60 PV (CM 10, CE 50)     674 résolutions   Règlement
    59 PV (CM  0, CE 59)     780 résolutions   Certificat de trésorerie
    11 PV (CM 10, CE  1)      28 résolutions   Conseil municipal
    87 PV (CM 12, CE 75)     858 résolutions   Comité exécutif
    65 PV (CM  0, CE 65)      36 résolutions   Séance publique et séance à huis clos
    78 PV (CM 12, CE 66)     296 résolutions   Maire et président du comité exécutif
    82 PV (CM 12, CE 70)     438 résolutions   Greffière
    71 PV (CM 10, CE 61)     990 résolutions   Recommandation au conseil
    35 PV (CM  3, CE 32)     306 résolutions   Comité consultatif d'urbanisme
    11 PV (CM 11, CE  0)     505 résolutions   « IL EST PROPOSÉ PAR … APPUYÉ PAR … »
    86 PV (CM 11, CE 75)    2512 résolutions   Résolu à l'unanimité
    10 PV (CM 10, CE  0)      45 résolutions   Demander le vote
     3 PV (CM  3, CE  0)       5 résolutions   Dissidence
     7 PV (CM  7, CE  0)       8 résolutions   Amendement
     9 PV (CM  9, CE  0)      40 résolutions   Avis de proposition
    68 PV (CM  9, CE 59)     315 résolutions   Prendre acte
     6 PV (CM  3, CE  3)      24 résolutions   Certificat de registre
    21 PV (CM  3, CE 18)      29 résolutions   Ratification
     7 PV (CM  7, CE  0)      13 résolutions   Prolongation de la séance
     9 PV (CM  9, CE  0)       9 résolutions   Période de questions du public
    39 PV (CM  5, CE 34)     253 résolutions   Code de l'urbanisme
    21 PV (CM  0, CE 21)     128 résolutions   Dérogation mineure
    25 PV (CM  1, CE 24)     131 résolutions   Plan d'implantation et d'intégration architecturale
    18 PV (CM  0, CE 18)      63 résolutions   Projet particulier
    16 PV (CM  0, CE 16)      38 résolutions   Exemption de cases de stationnement
    25 PV (CM  0, CE 25)      53 résolutions   Frais de parcs
    50 PV (CM  9, CE 41)     558 résolutions   Lot du cadastre du Québec
    15 PV (CM  4, CE 11)      27 résolutions   Servitude
    14 PV (CM  4, CE 10)      31 résolutions   Assemblée publique de consultation
    13 PV (CM  3, CE 10)      21 résolutions   Domaine public
    55 PV (CM  9, CE 46)     310 résolutions   Adjudication de contrat
    56 PV (CM  9, CE 47)     401 résolutions   Appel d'offres et demande de prix
    32 PV (CM  9, CE 23)      89 résolutions   Honoraires supplémentaires
    31 PV (CM  8, CE 23)      60 résolutions   Contingence
    15 PV (CM  6, CE  9)      14 résolutions   Cession de contrat
    32 PV (CM  5, CE 27)      72 résolutions   Début des travaux, surveillance et mise en place des matériaux
    53 PV (CM  7, CE 46)     201 résolutions   Règlement d'emprunt
    58 PV (CM  9, CE 49)     174 résolutions   Crédits
    29 PV (CM  4, CE 25)      84 résolutions   Excédent de fonctionnement et réserves financières
    45 PV (CM  7, CE 38)     124 résolutions   Aide financière
    24 PV (CM  5, CE 19)      29 résolutions   Déboursés et liste des contrats
    54 PV (CM  2, CE 52)     217 résolutions   Taxes nettes incluses
    25 PV (CM  0, CE 25)      42 résolutions   Traces Québec

49 entrées écrites dans data/lexique.json

10 terme(s) sans exemple (la formulation est dans le corps des résolutions, pas dans leur objet) : Résolution · Sommaire décisionnel · Certificat de trésorerie · Séance publique et séance à huis clos · Maire et président du comité exécutif · « IL EST PROPOSÉ PAR … APPUYÉ PAR … » · Résolu à l'unanimité · Demander le vote · Dissidence · Période de questions du public
(2 s)

=== Sommaires décisionnels (120 par jour au plus) ===
511 sommaire(s) publié(s) cité(s) par les décisions de 2026 ; 1027 cité(s) mais non publié(s).
511 déjà en cache, 0 réextrait(s) du cache, 0 à télécharger.

0 sommaire(s) téléchargé(s) et lu(s) en 0 s, 0 introuvable(s), 0 échec(s) ; 511 sommaires dans data/sommaires.json.
Champs lus : 511 avec un service, 428 avec des districts, 235 avec un montant sûr, 242 avec un bloc contrat, 41 avec un bloc règlement, 0 avec au moins un avertissement.
(0 s)

=== Fichiers pour « Mes dossiers » ===
Projets publics : 2 projets · index 1.9 Ko · fichiers de projet 82 Ko au total.
Dossiers de l'année : 1619 · 796 Ko · organismes suggérés : 206.
Décisions récentes : 298 dossiers depuis le 2026-07-26 · 198 Ko.
(0 s)

=== Bilan ===
  étapes         : 7
  échecs         : aucun
  avertissements : aucun
