
> dossiervillelongueuil@0.1.0 refresh
> node scripts/refresh.js

Code : commit aa08d88 — Node v22.23.3

=== Archivage des années révolues ===
data/decisions.json porte l'année courante (2026) — rien à archiver.

=== Calendrier des séances ===
⚠ Conseil de ville : fetch failed — UND_ERR_CONNECT_TIMEOUT : Connect Timeout Error (attempted address: longueuil.quebec:443, timeout: 10000ms) (https://longueuil.quebec/fr/services/instances-decisionnelles-et-consultatives/conseil-de-ville)
⚠ Conseil d'agglomération : fetch failed — UND_ERR_CONNECT_TIMEOUT : Connect Timeout Error (attempted address: longueuil.quebec:443, timeout: 10000ms) (https://longueuil.quebec/fr/services/instances-decisionnelles-et-consultatives/conseil-agglomeration)

183 séances écrites dans data/seances.json — 0 procès-verbal(aux) nouvellement publié(s).
✖ « Calendrier des séances » a échoué (code 1) — données précédentes conservées.

=== Décisions de l'année (relecture complète) ===
⚠ CO-260818 : fetch failed — UND_ERR_CONNECT_TIMEOUT : Connect Timeout Error (attempted address: cms.longueuil.quebec:443, timeout: 10000ms) (https://cms.longueuil.quebec/sites/default/files/medias/2026-09/CO-260818-PV.pdf)
⚠ CA-260709 : fetch failed — UND_ERR_CONNECT_TIMEOUT : Connect Timeout Error (attempted address: cms.longueuil.quebec:443, timeout: 10000ms) (https://cms.longueuil.quebec/sites/default/files/medias/2026-09/CA-260709-PV.pdf)
⚠ CAX-260709 : fetch failed — UND_ERR_CONNECT_TIMEOUT : Connect Timeout Error (attempted address: cms.longueuil.quebec:443, timeout: 10000ms) (https://cms.longueuil.quebec/sites/default/files/medias/2026-09/CAX-260709-PV.pdf)
⚠ CO-260707 : fetch failed — UND_ERR_CONNECT_TIMEOUT : Connect Timeout Error (attempted address: cms.longueuil.quebec:443, timeout: 10000ms) (https://cms.longueuil.quebec/sites/default/files/medias/2026-08/CO-260707-PV.pdf)
⚠ COX-260707 : fetch failed — UND_ERR_CONNECT_TIMEOUT : Connect Timeout Error (attempted address: cms.longueuil.quebec:443, timeout: 10000ms) (https://cms.longueuil.quebec/sites/default/files/medias/2026-08/COX-260707-PV.pdf)
⚠ CA-260618 : fetch failed — UND_ERR_CONNECT_TIMEOUT : Connect Timeout Error (attempted address: cms.longueuil.quebec:443, timeout: 10000ms) (https://cms.longueuil.quebec/sites/default/files/medias/2026-07/CA-260618-PV.pdf)
⚠ CO-260616 : fetch failed — UND_ERR_CONNECT_TIMEOUT : Connect Timeout Error (attempted address: cms.longueuil.quebec:443, timeout: 10000ms) (https://cms.longueuil.quebec/sites/default/files/medias/2026-07/CO-260616-PV.pdf)
⚠ CA-260528 : fetch failed — UND_ERR_CONNECT_TIMEOUT : Connect Timeout Error (attempted address: cms.longueuil.quebec:443, timeout: 10000ms) (https://cms.longueuil.quebec/sites/default/files/medias/2026-06/CA-260528-PV.pdf)
⚠ CO-260526 : fetch failed — UND_ERR_CONNECT_TIMEOUT : Connect Timeout Error (attempted address: cms.longueuil.quebec:443, timeout: 10000ms) (https://cms.longueuil.quebec/sites/default/files/medias/2026-06/CO-260526-PV.pdf)
⚠ CA-260430 : fetch failed — UND_ERR_CONNECT_TIMEOUT : Connect Timeout Error (attempted address: cms.longueuil.quebec:443, timeout: 10000ms) (https://cms.longueuil.quebec/sites/default/files/medias/2026-06/CA-260430-PV.pdf)
⚠ CO-260428 : fetch failed — UND_ERR_CONNECT_TIMEOUT : Connect Timeout Error (attempted address: cms.longueuil.quebec:443, timeout: 10000ms) (https://cms.longueuil.quebec/sites/default/files/medias/2026-05/CO-260428-PV.pdf)
⚠ CA-260319 : fetch failed — UND_ERR_CONNECT_TIMEOUT : Connect Timeout Error (attempted address: cms.longueuil.quebec:443, timeout: 10000ms) (https://cms.longueuil.quebec/sites/default/files/medias/2026-05/CA-260319-PV.pdf)
⚠ CO-260317 : fetch failed — UND_ERR_CONNECT_TIMEOUT : Connect Timeout Error (attempted address: cms.longueuil.quebec:443, timeout: 10000ms) (https://cms.longueuil.quebec/sites/default/files/medias/2026-04/CO-260317-PV.pdf)
⚠ CA-260219 : fetch failed — UND_ERR_CONNECT_TIMEOUT : Connect Timeout Error (attempted address: cms.longueuil.quebec:443, timeout: 10000ms) (https://cms.longueuil.quebec/sites/default/files/medias/2026-03/CA-260219-PV.pdf)
⚠ CO-260217 : fetch failed — UND_ERR_CONNECT_TIMEOUT : Connect Timeout Error (attempted address: cms.longueuil.quebec:443, timeout: 10000ms) (https://cms.longueuil.quebec/sites/default/files/medias/2026-03/CO-260217-PV.pdf)
⚠ CA-260122 : fetch failed — UND_ERR_CONNECT_TIMEOUT : Connect Timeout Error (attempted address: cms.longueuil.quebec:443, timeout: 10000ms) (https://cms.longueuil.quebec/sites/default/files/medias/2026-02/CA-260122-PV.pdf)
⚠ CO-260120 : fetch failed — UND_ERR_CONNECT_TIMEOUT : Connect Timeout Error (attempted address: cms.longueuil.quebec:443, timeout: 10000ms) (https://cms.longueuil.quebec/sites/default/files/medias/2026-02/CO-260120-PV.pdf)

0 décisions écrites dans data/decisions.json — 0 séance(s) lue(s) cette fois, 3 en attente de procès-verbal.
0 nouveauté(s) depuis la dernière exécution.

Pastilles thématiques :
      0  (classées par défaut — aucune règle n'a tranché)

=== Votes nominatifs (deux années complètes) ===
CA-251002 : 1 vote(s) nominal(aux)
CO-251001 : 3 vote(s) nominal(aux)
CO-250708 : 1 vote(s) nominal(aux)
CO-250610 : 3 vote(s) nominal(aux)
CO-250513 : 4 vote(s) nominal(aux)
CO-250415 : 2 vote(s) nominal(aux)
CO-250318 : 6 vote(s) nominal(aux)
CO-250121 : 2 vote(s) nominal(aux)

22 votes nominaux écrits dans data/votes.json (2025 : 22, 2026 : 0 ; 47 procès-verbaux analysés).
0 portent un avertissement d'extraction (à vérifier à la main).

=== Conseil d'agglomération (listes de présences) ===
CA-260122 : 10 présent(s), 0 absent(s), 0 remplacement(s)
CA-260219 : 9 présent(s), 1 absent(s), 0 remplacement(s)
CA-260319 : 8 présent(s), 2 absent(s), 2 remplacement(s)
CA-260430 : 10 présent(s), 0 absent(s), 0 remplacement(s)
CA-260528 : 10 présent(s), 0 absent(s), 0 remplacement(s)
CA-260618 : 8 présent(s), 2 absent(s), 2 remplacement(s)
CA-260709 : 8 présent(s), 2 absent(s), 2 remplacement(s)
CAX-260709 : 8 présent(s), 2 absent(s), 1 remplacement(s)

10 membres (dernière séance CAX-260709) écrits dans data/agglomeration.json — 8 séance(s) analysée(s).
  Brossard : 1
  Saint-Lambert : 1
  Longueuil : 6
  Saint-Bruno-de-Montarville : 1
  Boucherville : 1
Ne siègent plus : Jonathan Tabarah (dernière séance CA-260528)
Remplaçants : Carl Lévesque pour Jonathan Tabarah (1) ; Stéphanie Verreault pour Loïc Blancquaert (2) ; Andrée Savard pour Jean Martel (1) ; Nancy Cormier pour Ludovic Grisé Farand (2) ; Christian Gaudette pour Doreen Assaad (1)

=== Lexique, mesuré sur les procès-verbaux ===
Mesure de 32 termes sur 47 procès-verbaux de 2025 et 2026 et 0 décisions…

    47 PV    1923 résolutions   Résolution
    47 PV     580 résolutions   Sommaire décisionnel
    47 PV      88 résolutions   Document de séance
    47 PV      56 résolutions   Procès-verbal
    37 PV      37 résolutions   Ordre du jour
    42 PV     233 résolutions   Dépôt
    33 PV      90 résolutions   Avis de motion
    36 PV       4 résolutions   Règlement
    25 PV       2 résolutions   Conseil de ville
    19 PV      36 résolutions   Comité exécutif
    11 PV      19 résolutions   Conseil d'arrondissement
    47 PV     215 résolutions   Greffière
    44 PV      44 résolutions   Présidence d'assemblée
    47 PV     622 résolutions   Conseil d'agglomération
    39 PV     151 résolutions   Ville liée
    22 PV     537 résolutions   Orientation pour le conseil d'agglomération
     8 PV      21 résolutions   Demander le vote
    47 PV    1900 résolutions   Adoptée à l'unanimité
    12 PV      26 résolutions   Adoptée à la majorité
     5 PV       5 résolutions   Dissidence
    24 PV      45 résolutions   Proposition principale
    22 PV      40 résolutions   Prendre acte
     9 PV      12 résolutions   Dérogation mineure
     6 PV       8 résolutions   Projet particulier
    15 PV      21 résolutions   Projet d'habitation autorisé par l'article 93
    39 PV       7 résolutions   Attribution du contrat
    35 PV     204 résolutions   Plus bas soumissionnaire conforme
    35 PV     106 résolutions   Contrat-cadre
    28 PV      84 résolutions   Gré à gré
    32 PV      52 résolutions   Virement budgétaire
    28 PV      73 résolutions   Règlement d'emprunt
    22 PV      33 résolutions   Demande d'aide financière

32 entrées écrites dans data/lexique.json

=== Sommaires décisionnels (documents de séance) ===
0 document(s) de séance à lire (au plus 4 cette fois).

0 document(s) lu(s) ; 639 sommaires indexés dans data/sommaires.json.

=== Résumés en langage clair ===
Sommaires depuis 2026-08-02 pas encore résumés (plafond : 120)…
549 déjà résumés, 0 à faire.
Rien à générer. (--force pour tout regénérer.)

=== Fichiers pour « Mes dossiers » ===
Projets publics : 1 projets · index 0.5 Ko · fichiers de projet 1 Ko au total.
Dossiers de l'année : 0 · 1 Ko · organismes suggérés : 0.
Décisions récentes : 0 dossiers depuis le 2026-08-17 · 0 Ko.

=== Bilan ===
  étapes         : 9
  échecs         : Calendrier des séances
  avertissements : aucun
